[cryptowhale.biz/index.html]
[backblue.gif]
[fade.gif]
[index.html]
[cryptowhale.biz/assets/favicons/apple-touch-icon.png]
[cryptowhale.biz/assets/favicons/favicon-32x32.png]
[cryptowhale.biz/assets/favicons/favicon-16x16.png]
[cryptowhale.biz/assets/favicons/safari-pinned-tab.svg]
[cryptowhale.biz/assets/css/normalize.css]
[cryptowhale.biz/assets/css/bootstrap.min.css]
[cryptowhale.biz/assets/fonts/fonts.css]
[cryptowhale.biz/assets/css/owl.carousel.min.css]
[cryptowhale.biz/assets/css/owl.theme.default.min.css]
[cryptowhale.biz/assets/css/magnific-popup.css]
[cryptowhale.biz/assets/css/animate.min.css]
[cryptowhale.biz/assets/css/main.css]
[cryptowhale.biz/assets/css/media.css]
[cryptowhale.biz/assets/img/headerbg.png]
[cryptowhale.biz/assets/img/fb.png]
[cryptowhale.biz/assets/img/insta.png]
[cryptowhale.biz/assets/img/telegram.png]
[cryptowhale.biz/assets/img/clock1.png]
[cryptowhale.biz/assets/img/login1.png]
[cryptowhale.biz/indexbc14.html]
[cryptowhale.biz/assets/img/register.png]
[cryptowhale.biz/assets/img/sverx.png]
[cryptowhale.biz/indexe47e.html]
[cryptowhale.biz/assets/img/how.png]
[cryptowhale.biz/indexd470.html]
[cryptowhale.biz/index38cd.html]
[cryptowhale.biz/assets/img/macbook.png]
[cryptowhale.biz/indexa972.html]
[cryptowhale.biz/index15a0.html]
[cryptowhale.biz/assets/img/money.png]
[cryptowhale.biz/indexc30b.html]
[cryptowhale.biz/assets/img/percent.png]
[cryptowhale.biz/indexcca3.html]
[cryptowhale.biz/assets/img/calendar2.png]
[cryptowhale.biz/images/56.gif]
[cryptowhale.biz/images/18.gif]
[cryptowhale.biz/images/48.gif]
[cryptowhale.biz/images/43.gif]
[cryptowhale.biz/images/68.gif]
[cryptowhale.biz/images/69.gif]
[cryptowhale.biz/images/77.gif]
[cryptowhale.biz/images/71.gif]
[cryptowhale.biz/assets/js/jquery-1.11.2.min.js]
[cryptowhale.biz/assets/js/bootstrap.min.js]
[cryptowhale.biz/assets/js/owl.carousel.min.js]
[cryptowhale.biz/assets/js/jquery.matchHeight-min.js]
[cryptowhale.biz/assets/js/jquery.magnific-popup.min.js]
[cryptowhale.biz/assets/js/clipboard.min.js]
[cryptowhale.biz/assets/js/parallax.min.js]
[cryptowhale.biz/assets/js/highcharts.js]
[cryptowhale.biz/assets/js/wow.min.js]
[cryptowhale.biz/assets/js/main.js]
[cryptowhale.biz/index.html]
[cryptowhale.biz/assets/favicons/site.html]
[cryptowhale.biz/indexbc14.html]
[momentjs.com/static/js/global.js]
[cryptowhale.biz/assets/img/aboutbg.png]
[cryptowhale.biz/assets/img/babout.png]
[cryptowhale.biz/assets/img/1.jpg]
[cryptowhale.biz/assets/img/2.jpg]
[cryptowhale.biz/assets/img/3.jpg]
[cryptowhale.biz/assets/certif.pdf]
[cryptowhale.biz/assets/img/certif.jpg]
[cryptowhale.biz/assets/img/trading.png]
[cryptowhale.biz/assets/img/touch.png]
[cryptowhale.biz/assets/img/withdraw247.png]
[cryptowhale.biz/indexe47e.html]
[cryptowhale.biz/assets/img/secure.png]
[cryptowhale.biz/index38cd.html]
[cryptowhale.biz/assets/img/faqbg.png]
[cryptowhale.biz/indexd470.html]
[cryptowhale.biz/assets/img/invbg.png]
[cryptowhale.biz/indexa972.html]
[cryptowhale.biz/assets/img/rulesbg.png]
[cryptowhale.biz/assets/img/supportbg.png]
[cryptowhale.biz/assets/img/geoicon.png]
[cryptowhale.biz/assets/img/mail2.png]
[cryptowhale.biz/assets/img/phone.png]
[cryptowhale.biz/index15a0.html]
[cryptowhale.biz/indexc30b.html]
[cryptowhale.biz/indexcca3.html]
[cryptowhale.biz/indexf172.html]
[cryptowhale.biz/index1800.html]
[cryptowhale.biz/index77d5.html]
[cryptowhale.biz/index8083.html]
[cryptowhale.biz/index8083.html]
[cryptowhale.biz/assets/favicons/site.html]
[cryptowhale.biz/assets/img/insta.png]
[cryptowhale.biz/assets/favicons/safari-pinned-tab.svg]
[cryptowhale.biz/assets/img/fb.png]
[cryptowhale.biz/assets/css/normalize.css]
[cryptowhale.biz/assets/img/headerbg.png]
[cryptowhale.biz/assets/img/telegram.png]
[cryptowhale.biz/assets/img/clock1.png]
[cryptowhale.biz/assets/img/login1.png]
[cryptowhale.biz/assets/fonts/glyphicons-halflings-regular.eot]
[cryptowhale.biz/assets/img/register.png]
[cryptowhale.biz/assets/fonts/glyphicons-halflings-regulard41d.eot]
[cryptowhale.biz/assets/img/sverx.png]
[cryptowhale.biz/assets/img/how.png]
[cryptowhale.biz/assets/img/macbook.png]
[cryptowhale.biz/assets/fonts/glyphicons-halflings-regular.woff]
[cryptowhale.biz/assets/fonts/glyphicons-halflings-regular.ttf]
[cryptowhale.biz/assets/img/money.png]
[cryptowhale.biz/assets/img/percent.png]
[cryptowhale.biz/assets/img/calendar2.png]
[cryptowhale.biz/images/43.gif]
[cryptowhale.biz/assets/css/bootstrap.min.css]
[cryptowhale.biz/images/56.gif]
[cryptowhale.biz/images/18.gif]
[cryptowhale.biz/images/48.gif]
[cryptowhale.biz/images/68.gif]
[cryptowhale.biz/images/69.gif]
[cryptowhale.biz/assets/fonts/AlegreyaSans-Bold.46.delayed]
[cryptowhale.biz/assets/js/jquery-1.11.2.min.js]
[cryptowhale.biz/images/77.gif]
[cryptowhale.biz/images/71.gif]
[cryptowhale.biz/assets/js/bootstrap.min.js]
[cryptowhale.biz/assets/fonts/AlegreyaSans-Boldd41d.eot]
[cryptowhale.biz/assets/js/owl.carousel.min.js]
[cryptowhale.biz/assets/js/jquery.matchHeight-min.js]
[cryptowhale.biz/assets/js/jquery.magnific-popup.min.js]
[cryptowhale.biz/assets/fonts/AlegreyaSans-Bold.woff]
[cryptowhale.biz/assets/js/highcharts.js]
[cryptowhale.biz/assets/js/clipboard.min.js]
[cryptowhale.biz/assets/js/parallax.min.js]
[cryptowhale.biz/assets/fonts/AlegreyaSans-Bold.ttf]
[cryptowhale.biz/assets/js/wow.min.js]
[cryptowhale.biz/assets/fonts/AlegreyaSans-Bold.svg]
[momentjs.com/static/js/global.js]
[cryptowhale.biz/assets/fonts/AlegreyaSans-Regular.eot]
[cryptowhale.biz/assets/js/main.js]
[cryptowhale.biz/assets/img/aboutbg.png]
[cryptowhale.biz/assets/img/babout.png]
[cryptowhale.biz/assets/fonts/AlegreyaSans-Regulard41d.eot]
[cryptowhale.biz/assets/img/1.jpg]
[cryptowhale.biz/assets/fonts/AlegreyaSans-Regular.woff]
[cryptowhale.biz/assets/img/2.jpg]
[cryptowhale.biz/assets/img/3.jpg]
[cryptowhale.biz/assets/fonts/AlegreyaSans-Regular.ttf]
[cryptowhale.biz/assets/fonts/AlegreyaSans-Regular.svg]
[cryptowhale.biz/assets/certif.pdf]
[cryptowhale.biz/assets/img/certif.jpg]
[cryptowhale.biz/assets/fonts/OpenSans-Light.eot]
[cryptowhale.biz/assets/img/trading.png]
[cryptowhale.biz/assets/img/withdraw247.png]
[cryptowhale.biz/assets/fonts/OpenSans-Light.53d41d.delayed]
[cryptowhale.biz/assets/img/touch.png]
[cryptowhale.biz/assets/img/secure.png]
[cryptowhale.biz/assets/img/faqbg.png]
[cryptowhale.biz/assets/img/invbg.png]
[cryptowhale.biz/assets/img/rulesbg.png]
[cryptowhale.biz/assets/img/supportbg.png]
[cryptowhale.biz/assets/img/geoicon.png]
[cryptowhale.biz/assets/fonts/OpenSans-Light.woff]
[cryptowhale.biz/assets/img/mail2.png]
[cryptowhale.biz/assets/fonts/OpenSans-Light.ttf]
[cryptowhale.biz/index77d5.html]
[cryptowhale.biz/assets/img/phone.png]
[cryptowhale.biz/assets/fonts/glyphicons-halflings-regular.eot]
[cryptowhale.biz/assets/fonts/glyphicons-halflings-regulard41d.eot]
[cryptowhale.biz/assets/fonts/AlegreyaSans-Bold.eot]
[cryptowhale.biz/assets/fonts/OpenSans-Light.svg]
[cryptowhale.biz/assets/fonts/glyphicons-halflings-regular.woff]
[cryptowhale.biz/assets/fonts/glyphicons-halflings-regular.ttf]
[cryptowhale.biz/assets/fonts/OpenSans-ExtraBoldItalic.eot]
[cryptowhale.biz/assets/fonts/AlegreyaSans-Boldd41d.eot]
[cryptowhale.biz/assets/fonts/AlegreyaSans-Bold.woff]
[cryptowhale.biz/assets/fonts/OpenSans-ExtraBoldItalicd41d.eot]
[cryptowhale.biz/assets/fonts/AlegreyaSans-Bold.ttf]
[cryptowhale.biz/assets/fonts/AlegreyaSans-Regulard41d.eot]
[cryptowhale.biz/assets/fonts/AlegreyaSans-Regular.eot]
[cryptowhale.biz/assets/fonts/AlegreyaSans-Regular.woff]
[cryptowhale.biz/assets/fonts/OpenSans-ExtraBoldItalic.woff]
[cryptowhale.biz/assets/fonts/AlegreyaSans-Regular.ttf]
[cryptowhale.biz/assets/fonts/OpenSans-ExtraBoldItalic.ttf]
[cryptowhale.biz/assets/fonts/OpenSans-Lightd41d.eot]
[cryptowhale.biz/assets/fonts/OpenSans-Light.eot]
[cryptowhale.biz/assets/fonts/OpenSans-Light.ttf]
[cryptowhale.biz/assets/fonts/OpenSans-ExtraBoldItalic.eot]
[cryptowhale.biz/assets/fonts/OpenSans-ExtraBoldItalic.svg]
[cryptowhale.biz/assets/fonts/OpenSans-Light.woff]
[cryptowhale.biz/assets/fonts/OpenSans-ExtraBoldItalic.woff]
[cryptowhale.biz/assets/fonts/OpenSans-ExtraBoldItalicd41d.eot]
[cryptowhale.biz/assets/fonts/OpenSans-Bold.eot]
[cryptowhale.biz/assets/fonts/OpenSans-ExtraBoldItalic.ttf]
[cryptowhale.biz/assets/fonts/OpenSans-Boldd41d.eot]
[cryptowhale.biz/assets/fonts/OpenSans-Bold.woff]
[cryptowhale.biz/assets/fonts/OpenSans-Bold.ttf]
[cryptowhale.biz/assets/fonts/OpenSans-BoldItalic.eot]
[cryptowhale.biz/assets/fonts/OpenSans-Bold.svg]
[cryptowhale.biz/assets/fonts/OpenSans-BoldItalicd41d.eot]
[cryptowhale.biz/assets/fonts/OpenSans-BoldItalic.woff]
[cryptowhale.biz/assets/fonts/OpenSans-BoldItalic.ttf]
[cryptowhale.biz/assets/fonts/OpenSans-Italic.eot]
[cryptowhale.biz/assets/fonts/OpenSans-BoldItalic.svg]
[cryptowhale.biz/assets/fonts/OpenSans-Italicd41d.eot]
[cryptowhale.biz/assets/fonts/OpenSans-Italic.woff]
[cryptowhale.biz/assets/fonts/OpenSans-Italic.ttf]
[cryptowhale.biz/assets/fonts/OpenSans-SemiBold.eot]
[cryptowhale.biz/assets/fonts/OpenSans-SemiBoldd41d.eot]
[cryptowhale.biz/assets/fonts/OpenSans-Italic.svg]
[cryptowhale.biz/assets/fonts/OpenSans-SemiBold.woff]
[cryptowhale.biz/assets/fonts/OpenSans-SemiBold.ttf]
[cryptowhale.biz/assets/fonts/OpenSans-SemiBold.svg]
[cryptowhale.biz/assets/fonts/OpenSans-LightItalic.eot]
[cryptowhale.biz/assets/fonts/OpenSans-LightItalicd41d.eot]
[cryptowhale.biz/assets/fonts/OpenSans-LightItalic.woff]
[cryptowhale.biz/assets/fonts/OpenSans-LightItalic.ttf]
[cryptowhale.biz/assets/fonts/OpenSans-SemiBoldItalic.eot]
[cryptowhale.biz/assets/fonts/OpenSans-LightItalic.svg]
[cryptowhale.biz/assets/fonts/OpenSans-SemiBoldItalicd41d.eot]
[cryptowhale.biz/assets/fonts/OpenSans-SemiBoldItalic.woff]
[cryptowhale.biz/assets/fonts/OpenSans-SemiBoldItalic.ttf]
[cryptowhale.biz/assets/fonts/OpenSans-Regular.eot]
[cryptowhale.biz/assets/fonts/OpenSans-SemiBoldItalic.svg]
[cryptowhale.biz/assets/fonts/OpenSans-Regulard41d.eot]
[cryptowhale.biz/assets/fonts/OpenSans-Regular.woff]
[cryptowhale.biz/assets/fonts/OpenSans-Regular.ttf]
[cryptowhale.biz/assets/fonts/OpenSans-ExtraBold.eot]
[cryptowhale.biz/assets/fonts/OpenSans-Regular.svg]
[cryptowhale.biz/assets/fonts/OpenSans-ExtraBoldd41d.eot]
[cryptowhale.biz/assets/fonts/OpenSans-ExtraBold.woff]
[cryptowhale.biz/assets/fonts/OpenSans-ExtraBold.ttf]
[cryptowhale.biz/assets/fonts/fonts.css]
[cryptowhale.biz/assets/css/owl.carousel.min.css]
[cryptowhale.biz/assets/css/owl.theme.default.min.css]
[cryptowhale.biz/assets/css/magnific-popup.css]
[cryptowhale.biz/assets/css/animate.min.css]
[cryptowhale.biz/assets/img/cabg.png]
[cryptowhale.biz/assets/fonts/OpenSans-ExtraBold.svg]
[cryptowhale.biz/assets/img/langstrelka.png]
[cryptowhale.biz/assets/img/id.png]
[cryptowhale.biz/assets/img/langstrelka.png]
[cryptowhale.biz/assets/img/lock.png]
[cryptowhale.biz/assets/img/id.png]
[cryptowhale.biz/assets/img/pm.png]
[cryptowhale.biz/assets/img/payer.png]
[cryptowhale.biz/assets/img/pm.png]
[cryptowhale.biz/assets/img/adv.png]
[cryptowhale.biz/assets/img/lock.png]
[cryptowhale.biz/assets/img/btc.png]
[cryptowhale.biz/assets/img/payer.png]
[cryptowhale.biz/assets/img/adv.png]
[cryptowhale.biz/assets/img/shield.png]
[cryptowhale.biz/assets/img/question.png]
[cryptowhale.biz/assets/img/shield.png]
[cryptowhale.biz/assets/img/faqsprite.png]
[cryptowhale.biz/assets/img/question.png]
[cryptowhale.biz/assets/img/planbg.png]
[cryptowhale.biz/assets/img/selectstrelka.png]
[cryptowhale.biz/assets/img/login.png]
[cryptowhale.biz/assets/img/signup.png]
[cryptowhale.biz/assets/img/login.png]
[cryptowhale.biz/assets/img/name.png]
[cryptowhale.biz/assets/img/signup.png]
[cryptowhale.biz/assets/img/mail3.png]
[cryptowhale.biz/assets/img/name.png]
[cryptowhale.biz/assets/img/wallet.png]
[cryptowhale.biz/assets/img/bicon2.png]
[cryptowhale.biz/assets/img/wallet.png]
[cryptowhale.biz/assets/img/stati.png]
[cryptowhale.biz/assets/img/bicon2.png]
[cryptowhale.biz/assets/img/checked.png]
[cryptowhale.biz/assets/img/nchecked.png]
[cryptowhale.biz/assets/img/checked.png]
[cryptowhale.biz/assets/img/labelround.png]
[cryptowhale.biz/assets/img/nchecked.png]
[cryptowhale.biz/assets/img/check.png]
[cryptowhale.biz/assets/img/ncheck.png]
[cryptowhale.biz/assets/img/check.png]
[cryptowhale.biz/assets/img/caution.png]
[cryptowhale.biz/assets/img/ncheck.png]
[cryptowhale.biz/assets/img/totref.png]
[cryptowhale.biz/assets/img/greenafter.png]
[cryptowhale.biz/assets/img/totref.png]
[cryptowhale.biz/assets/img/transtype.png]
[cryptowhale.biz/assets/img/greenafter.png]
[cryptowhale.biz/assets/img/listrelka.png]
[cryptowhale.biz/assets/img/listrelka.png]
[cryptowhale.biz/assets/css/main.css]
[cryptowhale.biz/assets/css/media.css]
[cryptowhale.biz/assets/img/about.png]
[cryptowhale.biz/indexbc14.html]
[cryptowhale.biz/indexcca3.html]
[cryptowhale.biz/indexf172.html]
[cryptowhale.biz/assets/fonts/glyphicons-halflings-regular.html]
[cryptowhale.biz/assets/fonts/glyphicons-halflings-regular-2.html]
[cryptowhale.biz/assets/fonts/AlegreyaSans-Bold.html]
[cryptowhale.biz/assets/fonts/AlegreyaSans-Bold.svg]
[cryptowhale.biz/assets/fonts/AlegreyaSans-Regular.html]
[cryptowhale.biz/assets/fonts/AlegreyaSans-Regular.svg]
[cryptowhale.biz/assets/fonts/OpenSans-Light.html]
[cryptowhale.biz/assets/fonts/OpenSans-Light.svg]
[cryptowhale.biz/assets/fonts/OpenSans-ExtraBoldItalic.html]
[cryptowhale.biz/assets/fonts/OpenSans-ExtraBoldItalic.svg]
[cryptowhale.biz/assets/fonts/OpenSans-Bold.html]
[cryptowhale.biz/assets/fonts/OpenSans-Bold.svg]
[cryptowhale.biz/assets/fonts/OpenSans-BoldItalic.html]
[cryptowhale.biz/assets/fonts/OpenSans-BoldItalic.svg]
[cryptowhale.biz/assets/fonts/OpenSans-Italic.html]
[cryptowhale.biz/assets/fonts/OpenSans-Italic.svg]
[cryptowhale.biz/assets/fonts/OpenSans-SemiBold.html]
[cryptowhale.biz/assets/fonts/OpenSans-SemiBold.svg]
[cryptowhale.biz/assets/fonts/OpenSans-LightItalic.html]
[cryptowhale.biz/assets/fonts/OpenSans-LightItalic.svg]
[cryptowhale.biz/assets/fonts/OpenSans-SemiBoldItalic.html]
[cryptowhale.biz/assets/fonts/OpenSans-SemiBoldItalic.svg]
[cryptowhale.biz/assets/fonts/OpenSans-Regular.html]
[cryptowhale.biz/assets/fonts/OpenSans-Regular.svg]
[cryptowhale.biz/assets/fonts/OpenSans-ExtraBold.html]
[cryptowhale.biz/assets/fonts/OpenSans-ExtraBold.svg]
[cryptowhale.biz/assets/css/owl.video.play.html]
[cryptowhale.biz/indexe8f4.html]
